// Jest Snapshot v1, https://goo.gl/fbAQLP

exports[`404 component renders correctly 1`] = `
<div>
  <h1>
    This page could not be found. No match for 
    /
  </h1>
</div>
`;
