// Jest Snapshot v1, https://goo.gl/fbAQLP

exports[`Link component renders correctly 1`] = `
<a
  href="http://www.google.com"
  target="_self"
>
  Google
</a>
`;
